mode: set
chat_distribuido/internal/handlers/admin.go:28.41,31.47 2 0
chat_distribuido/internal/handlers/admin.go:31.47,34.3 2 0
chat_distribuido/internal/handlers/admin.go:37.2,37.42 1 0
chat_distribuido/internal/handlers/admin.go:37.42,40.3 2 0
chat_distribuido/internal/handlers/admin.go:43.2,47.22 3 0
chat_distribuido/internal/handlers/admin.go:47.22,49.3 1 0
chat_distribuido/internal/handlers/admin.go:52.2,53.24 2 0
chat_distribuido/internal/handlers/admin.go:53.24,55.3 1 0
chat_distribuido/internal/handlers/admin.go:58.2,59.16 2 0
chat_distribuido/internal/handlers/admin.go:59.16,62.3 2 0
chat_distribuido/internal/handlers/admin.go:65.2,76.16 4 0
chat_distribuido/internal/handlers/admin.go:76.16,79.3 2 0
chat_distribuido/internal/handlers/admin.go:81.2,88.4 1 0
chat_distribuido/internal/handlers/admin.go:92.40,95.13 2 0
chat_distribuido/internal/handlers/admin.go:95.13,98.3 2 0
chat_distribuido/internal/handlers/admin.go:100.2,101.18 2 0
chat_distribuido/internal/handlers/admin.go:101.18,104.3 2 0
chat_distribuido/internal/handlers/admin.go:106.2,107.47 2 0
chat_distribuido/internal/handlers/admin.go:107.47,110.3 2 0
chat_distribuido/internal/handlers/admin.go:113.2,116.16 4 0
chat_distribuido/internal/handlers/admin.go:116.16,117.34 1 0
chat_distribuido/internal/handlers/admin.go:117.34,119.4 1 0
chat_distribuido/internal/handlers/admin.go:119.9,121.4 1 0
chat_distribuido/internal/handlers/admin.go:122.3,122.9 1 0
chat_distribuido/internal/handlers/admin.go:126.2,127.20 2 0
chat_distribuido/internal/handlers/admin.go:127.20,128.45 1 0
chat_distribuido/internal/handlers/admin.go:128.45,131.4 2 0
chat_distribuido/internal/handlers/admin.go:132.3,133.17 2 0
chat_distribuido/internal/handlers/admin.go:133.17,136.4 2 0
chat_distribuido/internal/handlers/admin.go:137.3,137.28 1 0
chat_distribuido/internal/handlers/admin.go:139.2,139.21 1 0
chat_distribuido/internal/handlers/admin.go:139.21,140.56 1 0
chat_distribuido/internal/handlers/admin.go:140.56,143.4 2 0
chat_distribuido/internal/handlers/admin.go:144.3,144.29 1 0
chat_distribuido/internal/handlers/admin.go:146.2,146.28 1 0
chat_distribuido/internal/handlers/admin.go:146.28,147.27 1 0
chat_distribuido/internal/handlers/admin.go:147.27,150.4 2 0
chat_distribuido/internal/handlers/admin.go:151.3,151.45 1 0
chat_distribuido/internal/handlers/admin.go:153.2,153.23 1 0
chat_distribuido/internal/handlers/admin.go:153.23,155.3 1 0
chat_distribuido/internal/handlers/admin.go:158.2,161.22 3 0
chat_distribuido/internal/handlers/admin.go:161.22,164.3 2 0
chat_distribuido/internal/handlers/admin.go:167.2,173.16 2 0
chat_distribuido/internal/handlers/admin.go:173.16,176.3 2 0
chat_distribuido/internal/handlers/admin.go:178.2,178.31 1 0
chat_distribuido/internal/handlers/admin.go:178.31,181.3 2 0
chat_distribuido/internal/handlers/admin.go:183.2,186.4 1 0
chat_distribuido/internal/handlers/admin.go:190.40,193.13 2 0
chat_distribuido/internal/handlers/admin.go:193.13,196.3 2 0
chat_distribuido/internal/handlers/admin.go:198.2,199.18 2 0
chat_distribuido/internal/handlers/admin.go:199.18,202.3 2 0
chat_distribuido/internal/handlers/admin.go:205.2,206.19 2 0
chat_distribuido/internal/handlers/admin.go:206.19,212.3 2 0
chat_distribuido/internal/handlers/admin.go:215.2,218.16 3 0
chat_distribuido/internal/handlers/admin.go:218.16,221.3 2 0
chat_distribuido/internal/handlers/admin.go:223.2,223.30 1 0
chat_distribuido/internal/handlers/admin.go:223.30,226.3 2 0
chat_distribuido/internal/handlers/admin.go:229.2,234.4 3 0
chat_distribuido/internal/handlers/admin.go:238.39,241.13 2 0
chat_distribuido/internal/handlers/admin.go:241.13,244.3 2 0
chat_distribuido/internal/handlers/admin.go:246.2,248.16 3 0
chat_distribuido/internal/handlers/admin.go:248.16,251.3 2 0
chat_distribuido/internal/handlers/admin.go:252.2,255.63 3 0
chat_distribuido/internal/handlers/admin.go:255.63,258.3 2 0
chat_distribuido/internal/handlers/admin.go:260.2,263.4 1 0
chat_distribuido/internal/handlers/admin.go:266.30,270.2 3 0
chat_distribuido/internal/handlers/auth.go:25.36,27.47 2 1
chat_distribuido/internal/handlers/auth.go:27.47,30.3 2 1
chat_distribuido/internal/handlers/auth.go:33.2,37.16 4 0
chat_distribuido/internal/handlers/auth.go:37.16,40.3 2 0
chat_distribuido/internal/handlers/auth.go:43.2,43.84 1 0
chat_distribuido/internal/handlers/auth.go:43.84,46.3 2 0
chat_distribuido/internal/handlers/auth.go:49.2,50.16 2 0
chat_distribuido/internal/handlers/auth.go:50.16,53.3 2 0
chat_distribuido/internal/handlers/auth.go:55.2,62.4 2 0
chat_distribuido/internal/handlers/auth.go:66.29,68.2 1 0
chat_distribuido/internal/handlers/rooms.go:24.31,26.2 1 0
chat_distribuido/internal/handlers/rooms.go:53.82,57.16 4 0
chat_distribuido/internal/handlers/rooms.go:57.16,59.3 1 0
chat_distribuido/internal/handlers/rooms.go:62.2,62.63 1 0
chat_distribuido/internal/handlers/rooms.go:62.63,64.3 1 0
chat_distribuido/internal/handlers/rooms.go:66.2,66.19 1 0
chat_distribuido/internal/handlers/rooms.go:69.50,70.16 1 0
chat_distribuido/internal/handlers/rooms.go:70.16,72.3 1 0
chat_distribuido/internal/handlers/rooms.go:74.2,75.21 2 0
chat_distribuido/internal/handlers/rooms.go:75.21,77.3 1 0
chat_distribuido/internal/handlers/rooms.go:78.2,78.12 1 0
chat_distribuido/internal/handlers/rooms.go:85.40,87.2 1 1
chat_distribuido/internal/handlers/rooms.go:90.39,93.25 2 1
chat_distribuido/internal/handlers/rooms.go:93.25,96.19 2 1
chat_distribuido/internal/handlers/rooms.go:96.19,98.4 1 1
chat_distribuido/internal/handlers/rooms.go:101.2,102.19 2 1
chat_distribuido/internal/handlers/rooms.go:102.19,104.3 1 1
chat_distribuido/internal/handlers/rooms.go:106.2,108.17 2 1
chat_distribuido/internal/handlers/rooms.go:108.17,110.3 1 1
chat_distribuido/internal/handlers/rooms.go:112.2,112.11 1 1
chat_distribuido/internal/handlers/rooms.go:116.87,120.16 4 0
chat_distribuido/internal/handlers/rooms.go:120.16,122.3 1 0
chat_distribuido/internal/handlers/rooms.go:123.2,123.22 1 0
chat_distribuido/internal/handlers/rooms.go:127.91,143.2 4 0
chat_distribuido/internal/handlers/rooms.go:145.82,154.2 4 0
chat_distribuido/internal/handlers/rooms.go:156.72,166.58 5 0
chat_distribuido/internal/handlers/rooms.go:166.58,169.3 2 0
chat_distribuido/internal/handlers/rooms.go:171.2,171.17 1 0
chat_distribuido/internal/handlers/rooms.go:174.133,176.30 1 0
chat_distribuido/internal/handlers/rooms.go:176.30,177.68 1 0
chat_distribuido/internal/handlers/rooms.go:177.68,179.4 1 0
chat_distribuido/internal/handlers/rooms.go:180.3,180.33 1 0
chat_distribuido/internal/handlers/rooms.go:184.2,184.64 1 0
chat_distribuido/internal/handlers/rooms.go:184.64,185.74 1 0
chat_distribuido/internal/handlers/rooms.go:185.74,187.4 1 0
chat_distribuido/internal/handlers/rooms.go:188.3,188.53 1 0
chat_distribuido/internal/handlers/rooms.go:191.2,191.52 1 0
chat_distribuido/internal/handlers/rooms.go:198.40,200.2 1 1
chat_distribuido/internal/handlers/rooms.go:202.106,218.16 5 0
chat_distribuido/internal/handlers/rooms.go:218.16,220.3 1 0
chat_distribuido/internal/handlers/rooms.go:222.2,222.22 1 0
chat_distribuido/internal/handlers/rooms.go:225.40,227.47 2 0
chat_distribuido/internal/handlers/rooms.go:227.47,230.3 2 0
chat_distribuido/internal/handlers/rooms.go:232.2,232.16 1 0
chat_distribuido/internal/handlers/rooms.go:232.16,235.3 2 0
chat_distribuido/internal/handlers/rooms.go:237.2,238.16 2 0
chat_distribuido/internal/handlers/rooms.go:238.16,239.34 1 0
chat_distribuido/internal/handlers/rooms.go:239.34,241.4 1 0
chat_distribuido/internal/handlers/rooms.go:241.9,243.4 1 0
chat_distribuido/internal/handlers/rooms.go:244.3,244.9 1 0
chat_distribuido/internal/handlers/rooms.go:247.2,247.59 1 0
chat_distribuido/internal/handlers/rooms.go:247.59,250.3 2 0
chat_distribuido/internal/handlers/rooms.go:252.2,256.64 2 0
chat_distribuido/internal/handlers/rooms.go:256.64,261.3 2 0
chat_distribuido/internal/handlers/rooms.go:264.2,265.44 2 0
chat_distribuido/internal/handlers/rooms.go:265.44,267.39 2 0
chat_distribuido/internal/handlers/rooms.go:267.39,272.4 2 0
chat_distribuido/internal/handlers/rooms.go:275.2,278.22 3 0
chat_distribuido/internal/handlers/rooms.go:278.22,279.101 1 0
chat_distribuido/internal/handlers/rooms.go:279.101,284.4 2 0
chat_distribuido/internal/handlers/rooms.go:287.2,296.16 8 0
chat_distribuido/internal/handlers/rooms.go:296.16,303.104 4 0
chat_distribuido/internal/handlers/rooms.go:303.104,308.4 2 0
chat_distribuido/internal/handlers/rooms.go:311.3,312.17 2 0
chat_distribuido/internal/handlers/rooms.go:312.17,313.51 1 0
chat_distribuido/internal/handlers/rooms.go:313.51,315.5 1 0
chat_distribuido/internal/handlers/rooms.go:315.10,317.5 1 0
chat_distribuido/internal/handlers/rooms.go:318.4,318.10 1 0
chat_distribuido/internal/handlers/rooms.go:322.3,333.17 3 0
chat_distribuido/internal/handlers/rooms.go:333.17,336.4 2 0
chat_distribuido/internal/handlers/rooms.go:338.8,338.40 1 0
chat_distribuido/internal/handlers/rooms.go:338.40,344.17 3 0
chat_distribuido/internal/handlers/rooms.go:344.17,345.51 1 0
chat_distribuido/internal/handlers/rooms.go:345.51,347.5 1 0
chat_distribuido/internal/handlers/rooms.go:347.10,349.5 1 0
chat_distribuido/internal/handlers/rooms.go:350.4,350.10 1 0
chat_distribuido/internal/handlers/rooms.go:353.3,366.17 4 0
chat_distribuido/internal/handlers/rooms.go:366.17,369.4 2 0
chat_distribuido/internal/handlers/rooms.go:371.8,374.3 2 0
chat_distribuido/internal/handlers/rooms.go:377.2,378.16 2 0
chat_distribuido/internal/handlers/rooms.go:378.16,381.3 2 0
chat_distribuido/internal/handlers/rooms.go:383.2,392.54 2 0
chat_distribuido/internal/handlers/rooms.go:392.54,395.3 2 0
chat_distribuido/internal/handlers/rooms.go:395.8,397.3 1 0
chat_distribuido/internal/handlers/rooms.go:399.2,399.33 1 0
chat_distribuido/internal/handlers/rooms.go:401.80,409.16 3 0
chat_distribuido/internal/handlers/rooms.go:409.16,411.3 1 0
chat_distribuido/internal/handlers/rooms.go:412.2,415.68 3 0
chat_distribuido/internal/handlers/rooms.go:415.68,417.3 1 0
chat_distribuido/internal/handlers/rooms.go:419.2,420.29 2 0
chat_distribuido/internal/handlers/rooms.go:420.29,425.3 1 0
chat_distribuido/internal/handlers/rooms.go:427.2,427.18 1 0
chat_distribuido/internal/handlers/rooms.go:430.39,436.47 2 0
chat_distribuido/internal/handlers/rooms.go:436.47,439.3 2 0
chat_distribuido/internal/handlers/rooms.go:441.2,466.48 10 0
chat_distribuido/internal/handlers/rooms.go:466.48,468.3 1 0
chat_distribuido/internal/handlers/rooms.go:470.2,470.30 1 0
chat_distribuido/internal/handlers/rooms.go:470.30,473.3 2 0
chat_distribuido/internal/handlers/rooms.go:475.2,475.16 1 0
chat_distribuido/internal/handlers/rooms.go:475.16,478.3 2 0
chat_distribuido/internal/handlers/rooms.go:480.2,483.4 1 0
chat_distribuido/internal/handlers/rooms.go:486.48,492.47 2 0
chat_distribuido/internal/handlers/rooms.go:492.47,495.3 2 0
chat_distribuido/internal/handlers/rooms.go:497.2,507.45 4 0
chat_distribuido/internal/handlers/rooms.go:507.45,510.3 2 0
chat_distribuido/internal/handlers/rooms.go:511.2,514.4 1 0
chat_distribuido/internal/handlers/rooms.go:518.42,528.2 3 0
chat_distribuido/internal/handlers/rooms.go:530.33,531.16 1 0
chat_distribuido/internal/handlers/rooms.go:531.16,534.3 2 0
chat_distribuido/internal/handlers/rooms.go:536.2,540.16 4 0
chat_distribuido/internal/handlers/rooms.go:540.16,543.3 2 0
chat_distribuido/internal/handlers/rooms.go:544.2,547.63 3 0
chat_distribuido/internal/handlers/rooms.go:547.63,550.3 2 0
chat_distribuido/internal/handlers/rooms.go:552.2,553.29 2 0
chat_distribuido/internal/handlers/rooms.go:553.29,560.3 1 0
chat_distribuido/internal/handlers/rooms.go:562.2,562.33 1 0
chat_distribuido/internal/handlers/rooms.go:565.30,569.2 3 1
chat_distribuido/internal/handlers/rooms.go:571.41,573.18 2 0
chat_distribuido/internal/handlers/rooms.go:573.18,576.3 2 0
chat_distribuido/internal/handlers/rooms.go:578.2,585.16 6 0
chat_distribuido/internal/handlers/rooms.go:585.16,588.3 2 0
chat_distribuido/internal/handlers/rooms.go:589.2,592.66 3 0
chat_distribuido/internal/handlers/rooms.go:592.66,595.3 2 0
chat_distribuido/internal/handlers/rooms.go:599.2,599.57 1 0
chat_distribuido/internal/handlers/rooms.go:599.57,601.30 1 0
chat_distribuido/internal/handlers/rooms.go:601.30,603.4 1 0
chat_distribuido/internal/handlers/rooms.go:604.3,604.30 1 0
chat_distribuido/internal/handlers/rooms.go:604.30,606.4 1 0
chat_distribuido/internal/handlers/rooms.go:607.3,607.54 1 0
chat_distribuido/internal/handlers/rooms.go:611.2,611.26 1 0
chat_distribuido/internal/handlers/rooms.go:611.26,613.32 2 0
chat_distribuido/internal/handlers/rooms.go:613.32,615.4 1 0
chat_distribuido/internal/handlers/rooms.go:618.2,618.21 1 0
chat_distribuido/internal/handlers/rooms.go:618.21,620.3 1 0
chat_distribuido/internal/handlers/rooms.go:622.2,622.33 1 0
chat_distribuido/internal/handlers/upload.go:25.40,28.18 2 0
chat_distribuido/internal/handlers/upload.go:28.18,31.3 2 0
chat_distribuido/internal/handlers/upload.go:33.2,34.16 2 0
chat_distribuido/internal/handlers/upload.go:34.16,37.3 2 0
chat_distribuido/internal/handlers/upload.go:38.2,41.31 2 0
chat_distribuido/internal/handlers/upload.go:41.31,44.3 2 0
chat_distribuido/internal/handlers/upload.go:47.2,85.24 4 0
chat_distribuido/internal/handlers/upload.go:85.24,88.3 2 0
chat_distribuido/internal/handlers/upload.go:91.2,97.23 5 0
chat_distribuido/internal/handlers/upload.go:97.23,99.3 1 0
chat_distribuido/internal/handlers/upload.go:102.2,102.35 1 0
chat_distribuido/internal/handlers/upload.go:102.35,105.3 2 0
chat_distribuido/internal/handlers/upload.go:107.2,110.16 2 0
chat_distribuido/internal/handlers/upload.go:110.16,114.3 3 0
chat_distribuido/internal/handlers/upload.go:116.2,121.12 4 0
chat_distribuido/internal/handlers/upload.go:121.12,124.43 3 0
chat_distribuido/internal/handlers/upload.go:124.43,126.4 1 0
chat_distribuido/internal/handlers/upload.go:129.2,137.16 2 0
chat_distribuido/internal/handlers/upload.go:137.16,147.3 1 0
chat_distribuido/internal/handlers/upload.go:149.2,153.4 1 0
chat_distribuido/internal/handlers/upload.go:156.37,158.60 2 0
chat_distribuido/internal/handlers/upload.go:158.60,160.3 1 0
chat_distribuido/internal/handlers/upload.go:163.2,165.35 2 0
chat_distribuido/internal/handlers/upload.go:165.35,168.3 2 0
chat_distribuido/internal/handlers/upload.go:171.2,172.16 2 0
chat_distribuido/internal/handlers/upload.go:172.16,175.3 2 0
chat_distribuido/internal/handlers/upload.go:176.2,180.16 3 0
chat_distribuido/internal/handlers/upload.go:180.16,183.3 2 0
chat_distribuido/internal/handlers/upload.go:185.2,187.4 1 0
chat_distribuido/internal/handlers/upload.go:190.40,192.60 2 0
chat_distribuido/internal/handlers/upload.go:192.60,194.3 1 0
chat_distribuido/internal/handlers/upload.go:195.2,198.13 3 0
chat_distribuido/internal/handlers/upload.go:198.13,201.3 2 0
chat_distribuido/internal/handlers/upload.go:203.2,205.16 3 0
chat_distribuido/internal/handlers/upload.go:205.16,208.3 2 0
chat_distribuido/internal/handlers/upload.go:210.2,215.16 4 0
chat_distribuido/internal/handlers/upload.go:215.16,218.3 2 0
chat_distribuido/internal/handlers/upload.go:221.2,221.42 1 0
chat_distribuido/internal/handlers/upload.go:221.42,224.3 2 0
chat_distribuido/internal/handlers/upload.go:227.2,227.35 1 0
chat_distribuido/internal/handlers/upload.go:227.35,229.17 2 0
chat_distribuido/internal/handlers/upload.go:229.17,233.4 3 0
chat_distribuido/internal/handlers/upload.go:237.2,245.16 4 0
chat_distribuido/internal/handlers/upload.go:245.16,247.3 1 0
chat_distribuido/internal/handlers/upload.go:250.2,250.16 1 0
chat_distribuido/internal/handlers/upload.go:250.16,256.3 1 0
chat_distribuido/internal/handlers/upload.go:258.2,258.93 1 0
chat_distribuido/internal/handlers/websocket.go:14.42,16.3 1 0
chat_distribuido/internal/handlers/websocket.go:19.59,22.18 3 0
chat_distribuido/internal/handlers/websocket.go:22.18,24.3 1 0
chat_distribuido/internal/handlers/websocket.go:25.2,27.54 2 0
chat_distribuido/internal/handlers/websocket.go:27.54,30.3 2 0
chat_distribuido/internal/handlers/websocket.go:33.2,35.15 2 0
chat_distribuido/internal/handlers/websocket.go:35.15,44.31 3 0
chat_distribuido/internal/handlers/websocket.go:44.31,47.4 2 0
chat_distribuido/internal/handlers/websocket.go:50.2,51.16 2 0
chat_distribuido/internal/handlers/websocket.go:51.16,54.3 2 0
chat_distribuido/internal/handlers/websocket.go:56.2,60.56 2 0
chat_distribuido/internal/handlers/websocket.go:60.56,67.3 3 0
chat_distribuido/internal/handlers/websocket.go:70.2,71.44 2 0
chat_distribuido/internal/handlers/websocket.go:71.44,73.39 2 0
chat_distribuido/internal/handlers/websocket.go:73.39,80.4 3 0
chat_distribuido/internal/handlers/websocket.go:82.2,95.23 4 0
