mode: set
chat_distribuido/internal/utils/jwt.go:14.13,18.23 3 1
chat_distribuido/internal/utils/jwt.go:18.23,21.3 2 1
chat_distribuido/internal/utils/jwt.go:22.2,25.22 3 0
chat_distribuido/internal/utils/jwt.go:25.22,28.3 2 0
chat_distribuido/internal/utils/jwt.go:29.2,30.38 2 0
chat_distribuido/internal/utils/jwt.go:33.32,35.2 1 1
chat_distribuido/internal/utils/jwt.go:38.33,40.2 1 1
chat_distribuido/internal/utils/jwt.go:43.65,52.2 2 1
chat_distribuido/internal/utils/jwt.go:55.81,56.83 1 1
chat_distribuido/internal/utils/jwt.go:56.83,58.58 1 1
chat_distribuido/internal/utils/jwt.go:58.58,60.4 1 1
chat_distribuido/internal/utils/jwt.go:61.3,61.29 1 1
chat_distribuido/internal/utils/jwt.go:64.2,64.16 1 1
chat_distribuido/internal/utils/jwt.go:64.16,66.3 1 1
chat_distribuido/internal/utils/jwt.go:68.2,68.67 1 1
chat_distribuido/internal/utils/jwt.go:68.67,70.3 1 1
chat_distribuido/internal/utils/jwt.go:72.2,72.44 1 0
chat_distribuido/internal/utils/jwt.go:76.55,84.2 2 1
chat_distribuido/internal/utils/jwt.go:87.80,88.83 1 1
chat_distribuido/internal/utils/jwt.go:88.83,90.58 1 1
chat_distribuido/internal/utils/jwt.go:90.58,92.4 1 0
chat_distribuido/internal/utils/jwt.go:93.3,93.28 1 1
chat_distribuido/internal/utils/jwt.go:96.2,96.16 1 1
chat_distribuido/internal/utils/jwt.go:96.16,98.3 1 1
chat_distribuido/internal/utils/jwt.go:100.2,100.67 1 1
chat_distribuido/internal/utils/jwt.go:100.67,102.3 1 1
chat_distribuido/internal/utils/jwt.go:104.2,104.44 1 0
chat_distribuido/internal/utils/seguridad.go:17.13,19.20 2 1
chat_distribuido/internal/utils/seguridad.go:19.20,21.3 1 1
chat_distribuido/internal/utils/seguridad.go:24.59,27.2 2 1
chat_distribuido/internal/utils/seguridad.go:29.56,30.23 1 1
chat_distribuido/internal/utils/seguridad.go:30.23,32.3 1 1
chat_distribuido/internal/utils/seguridad.go:33.2,33.16 1 1
chat_distribuido/internal/utils/seguridad.go:33.16,35.3 1 1
chat_distribuido/internal/utils/seguridad.go:37.2,38.16 2 1
chat_distribuido/internal/utils/seguridad.go:38.16,40.3 1 1
chat_distribuido/internal/utils/seguridad.go:41.2,41.12 1 1
chat_distribuido/internal/utils/seguridad.go:44.46,45.23 1 1
chat_distribuido/internal/utils/seguridad.go:45.23,47.3 1 1
chat_distribuido/internal/utils/seguridad.go:48.2,48.21 1 1
chat_distribuido/internal/utils/seguridad.go:48.21,50.3 1 1
chat_distribuido/internal/utils/seguridad.go:52.2,53.16 2 1
chat_distribuido/internal/utils/seguridad.go:53.16,55.3 1 0
chat_distribuido/internal/utils/seguridad.go:57.2,58.16 2 1
chat_distribuido/internal/utils/seguridad.go:58.16,60.3 1 0
chat_distribuido/internal/utils/seguridad.go:62.2,63.59 2 1
chat_distribuido/internal/utils/seguridad.go:63.59,65.3 1 0
chat_distribuido/internal/utils/seguridad.go:67.2,68.54 2 1
chat_distribuido/internal/utils/seguridad.go:71.53,72.49 1 1
chat_distribuido/internal/utils/seguridad.go:72.49,74.3 1 1
chat_distribuido/internal/utils/seguridad.go:76.2,77.16 2 1
chat_distribuido/internal/utils/seguridad.go:77.16,80.3 1 1
chat_distribuido/internal/utils/seguridad.go:82.2,83.16 2 1
chat_distribuido/internal/utils/seguridad.go:83.16,85.3 1 0
chat_distribuido/internal/utils/seguridad.go:87.2,88.16 2 1
chat_distribuido/internal/utils/seguridad.go:88.16,90.3 1 0
chat_distribuido/internal/utils/seguridad.go:92.2,93.33 2 1
chat_distribuido/internal/utils/seguridad.go:93.33,95.3 1 1
chat_distribuido/internal/utils/seguridad.go:97.2,99.16 3 1
chat_distribuido/internal/utils/seguridad.go:99.16,101.3 1 0
chat_distribuido/internal/utils/seguridad.go:103.2,103.26 1 1
